// Vitest Snapshot v1, https://vitest.dev/guide/snapshot.html

exports[`parentNavSections > conserve la structure de navigation parent 1`] = `
{
  "footer": [
    {
      "href": "/parent/settings",
      "icon": "SettingsIcon",
      "id": "settings",
      "label": "Paramètres",
    },
  ],
  "sections": [
    {
      "id": "overview",
      "items": [
        {
          "href": "/parent/dashboard",
          "icon": "DashboardIcon",
          "id": "dashboard",
          "label": "Tableau de bord",
        },
        {
          "badgeKey": "notifications",
          "href": "/parent/notifications",
          "icon": "BellIcon",
          "id": "notifications",
          "label": "Notifications",
        },
        {
          "badgeKey": "alarms",
          "href": "/parent/alarms",
          "icon": "AlarmIcon",
          "id": "alarms",
          "label": "Alarmes",
        },
      ],
      "label": "Essentiel",
    },
    {
      "id": "planning",
      "items": [
        {
          "badgeKey": "checklists",
          "href": "/parent/organization",
          "icon": "TemplateIcon",
          "id": "organization-hub",
          "label": "Modules organisation",
          "matchPrefixes": [
            "/parent/organization",
            "/parent/day-templates",
            "/parent/weekly-tasks",
            "/parent/school-diary",
            "/parent/checklists",
            "/parent/categories",
          ],
        },
      ],
      "label": "Organisation",
    },
    {
      "id": "fiches",
      "items": [
        {
          "href": "/parent/fiches",
          "icon": "FichesIcon",
          "id": "fiches-hub",
          "label": "Fiches",
          "matchPrefixes": [
            "/parent/fiches",
          ],
        },
      ],
      "label": "Fiches",
    },
    {
      "id": "learning",
      "items": [
        {
          "children": [
            {
              "excludePrefixes": [
                "/parent/revisions/generate",
              ],
              "href": "/parent/revisions",
              "icon": [Function],
              "id": "revisions-library",
              "label": "Bibliothèque",
            },
            {
              "href": "/parent/resources/books",
              "icon": [Function],
              "id": "revisions-books-resources",
              "label": "Livres & fiches",
            },
            {
              "href": "/parent/revisions/generate",
              "icon": [Function],
              "id": "revisions-generate",
              "label": "Générer (IA)",
            },
            {
              "href": "/parent/knowledge",
              "icon": [Function],
              "id": "knowledge",
              "label": "Connaissances",
            },
          ],
          "href": "/parent/learning",
          "icon": "LibraryIcon",
          "id": "learning-hub",
          "label": "Modules apprentissages",
          "matchPrefixes": [
            "/parent/learning",
            "/parent/revisions",
            "/parent/resources/books",
            "/parent/knowledge",
          ],
        },
      ],
      "label": "Apprentissages",
    },
    {
      "id": "daily-life",
      "items": [
        {
          "href": "/parent/meals",
          "icon": "MealIcon",
          "id": "meals",
          "label": "Repas",
        },
      ],
      "label": "Vie quotidienne",
    },
    {
      "id": "motivation",
      "items": [
        {
          "href": "/parent/family",
          "icon": "BadgeIcon",
          "id": "family-hub",
          "label": "Modules famille",
          "matchPrefixes": [
            "/parent/family",
            "/parent/achievements",
            "/parent/rewards",
            "/parent/gamification",
            "/parent/cinema",
          ],
        },
      ],
      "label": "Vie familiale & motivation",
    },
  ],
}
`;
